sentry-bundle-9.12.0.min.js?1747023716:2 IMWEB_DEPLOY_STRATEGY init event dispatched Object
exec:11 Unrecognized feature: 'ambient-light-sensor'.
exec:11 Unrecognized feature: 'speaker'.
exec:11 Unrecognized feature: 'vibrate'.
exec:11 Unrecognized feature: 'vr'.
userCodeAppPanel?createOAuthDialog=true:1 Unrecognized feature: 'ambient-light-sensor'.
userCodeAppPanel?createOAuthDialog=true:1 Unrecognized feature: 'speaker'.
userCodeAppPanel?createOAuthDialog=true:1 Unrecognized feature: 'vibrate'.
userCodeAppPanel?createOAuthDialog=true:1 Unrecognized feature: 'vr'.
3305449668-mae_html_user_bin_i18n_mae_html_user__ko.js:195 dropping postMessage.. was from unexpected window
3305449668-mae_html_user_bin_i18n_mae_html_user__ko.js:195 dropping postMessage.. was from unexpected window
59096321-warden_bin_i18n_warden__ko.js:367 dropping postMessage.. was from host https://mamoruscissors63682.imweb.me but expected host https://n-txep6fd32kjtvke7gycjkkamexpu3ycys3m223q-0lu-script.googleusercontent.com
3305449668-mae_html_user_bin_i18n_mae_html_user__ko.js:195 dropping postMessage.. was from unexpected window
3305449668-mae_html_user_bin_i18n_mae_html_user__ko.js:195 dropping postMessage.. was from unexpected window
59096321-warden_bin_i18n_warden__ko.js:367 dropping postMessage.. was from host https://mamoruscissors63682.imweb.me but expected host https://n-txep6fd32kjtvke7gycjkkamexpu3ycys3m223q-0lu-script.googleusercontent.com
3305449668-mae_html_user_bin_i18n_mae_html_user__ko.js:195 dropping postMessage.. was from unexpected window
3305449668-mae_html_user_bin_i18n_mae_html_user__ko.js:195 dropping postMessage.. was from unexpected window
59096321-warden_bin_i18n_warden__ko.js:367 dropping postMessage.. was from host https://mamoruscissors63682.imweb.me but expected host https://n-txep6fd32kjtvke7gycjkkamexpu3ycys3m223q-0lu-script.googleusercontent.com
3305449668-mae_html_user_bin_i18n_mae_html_user__ko.js:195 dropping postMessage.. was from unexpected window
3305449668-mae_html_user_bin_i18n_mae_html_user__ko.js:195 dropping postMessage.. was from unexpected window
59096321-warden_bin_i18n_warden__ko.js:367 dropping postMessage.. was from host https://mamoruscissors63682.imweb.me but expected host https://n-txep6fd32kjtvke7gycjkkamexpu3ycys3m223q-0lu-script.googleusercontent.com
59096321-warden_bin_i18n_warden__ko.js:367 dropping postMessage.. was from host https://mamoruscissors63682.imweb.me but expected host https://n-txep6fd32kjtvke7gycjkkamexpu3ycys3m223q-0lu-script.googleusercontent.com
3305449668-mae_html_user_bin_i18n_mae_html_user__ko.js:195 dropping postMessage.. was from unexpected window
3305449668-mae_html_user_bin_i18n_mae_html_user__ko.js:195 dropping postMessage.. was from unexpected window
3305449668-mae_html_user_bin_i18n_mae_html_user__ko.js:195 dropping postMessage.. was from unexpected window
3305449668-mae_html_user_bin_i18n_mae_html_user__ko.js:195 dropping postMessage.. was from unexpected window
3305449668-mae_html_user_bin_i18n_mae_html_user__ko.js:195 dropping postMessage.. was from unexpected window
3305449668-mae_html_user_bin_i18n_mae_html_user__ko.js:195 dropping postMessage.. was from unexpected window
3305449668-mae_html_user_bin_i18n_mae_html_user__ko.js:195 dropping postMessage.. was from unexpected window
3305449668-mae_html_user_bin_i18n_mae_html_user__ko.js:195 dropping postMessage.. was from unexpected window
3305449668-mae_html_user_bin_i18n_mae_html_user__ko.js:195 dropping postMessage.. was from unexpected window
3305449668-mae_html_user_bin_i18n_mae_html_user__ko.js:195 dropping postMessage.. was from unexpected window
3305449668-mae_html_user_bin_i18n_mae_html_user__ko.js:195 dropping postMessage.. was from unexpected window
3305449668-mae_html_user_bin_i18n_mae_html_user__ko.js:195 dropping postMessage.. was from unexpected window
3305449668-mae_html_user_bin_i18n_mae_html_user__ko.js:195 dropping postMessage.. was from unexpected window
3305449668-mae_html_user_bin_i18n_mae_html_user__ko.js:195 dropping postMessage.. was from unexpected window
3305449668-mae_html_user_bin_i18n_mae_html_user__ko.js:195 dropping postMessage.. was from unexpected window
3305449668-mae_html_user_bin_i18n_mae_html_user__ko.js:195 dropping postMessage.. was from unexpected window
3305449668-mae_html_user_bin_i18n_mae_html_user__ko.js:195 dropping postMessage.. was from unexpected window
3305449668-mae_html_user_bin_i18n_mae_html_user__ko.js:195 dropping postMessage.. was from unexpected window
3305449668-mae_html_user_bin_i18n_mae_html_user__ko.js:195 dropping postMessage.. was from unexpected window
3305449668-mae_html_user_bin_i18n_mae_html_user__ko.js:195 dropping postMessage.. was from unexpected window
3305449668-mae_html_user_bin_i18n_mae_html_user__ko.js:195 dropping postMessage.. was from unexpected window
3305449668-mae_html_user_bin_i18n_mae_html_user__ko.js:195 dropping postMessage.. was from unexpected window
3305449668-mae_html_user_bin_i18n_mae_html_user__ko.js:195 dropping postMessage.. was from unexpected window
3305449668-mae_html_user_bin_i18n_mae_html_user__ko.js:195 dropping postMessage.. was from unexpected window
3305449668-mae_html_user_bin_i18n_mae_html_user__ko.js:195 dropping postMessage.. was from unexpected window
3305449668-mae_html_user_bin_i18n_mae_html_user__ko.js:195 dropping postMessage.. was from unexpected window
3305449668-mae_html_user_bin_i18n_mae_html_user__ko.js:195 dropping postMessage.. was from unexpected window
3305449668-mae_html_user_bin_i18n_mae_html_user__ko.js:195 dropping postMessage.. was from unexpected window
3305449668-mae_html_user_bin_i18n_mae_html_user__ko.js:195 dropping postMessage.. was from unexpected window
3305449668-mae_html_user_bin_i18n_mae_html_user__ko.js:195 dropping postMessage.. was from unexpected window
3305449668-mae_html_user_bin_i18n_mae_html_user__ko.js:195 dropping postMessage.. was from unexpected window
3305449668-mae_html_user_bin_i18n_mae_html_user__ko.js:195 dropping postMessage.. was from unexpected window
3305449668-mae_html_user_bin_i18n_mae_html_user__ko.js:195 dropping postMessage.. was from unexpected window
3305449668-mae_html_user_bin_i18n_mae_html_user__ko.js:195 dropping postMessage.. was from unexpected window
3305449668-mae_html_user_bin_i18n_mae_html_user__ko.js:195 dropping postMessage.. was from unexpected window
3305449668-mae_html_user_bin_i18n_mae_html_user__ko.js:195 dropping postMessage.. was from unexpected window
3305449668-mae_html_user_bin_i18n_mae_html_user__ko.js:195 dropping postMessage.. was from unexpected window
3305449668-mae_html_user_bin_i18n_mae_html_user__ko.js:195 dropping postMessage.. was from unexpected window
3305449668-mae_html_user_bin_i18n_mae_html_user__ko.js:195 dropping postMessage.. was from unexpected window
3305449668-mae_html_user_bin_i18n_mae_html_user__ko.js:195 dropping postMessage.. was from unexpected window
3305449668-mae_html_user_bin_i18n_mae_html_user__ko.js:195 dropping postMessage.. was from unexpected window
3305449668-mae_html_user_bin_i18n_mae_html_user__ko.js:195 dropping postMessage.. was from unexpected window
3305449668-mae_html_user_bin_i18n_mae_html_user__ko.js:195 dropping postMessage.. was from unexpected window
3305449668-mae_html_user_bin_i18n_mae_html_user__ko.js:195 dropping postMessage.. was from unexpected window
3305449668-mae_html_user_bin_i18n_mae_html_user__ko.js:195 dropping postMessage.. was from unexpected window
3305449668-mae_html_user_bin_i18n_mae_html_user__ko.js:195 dropping postMessage.. was from unexpected window
3305449668-mae_html_user_bin_i18n_mae_html_user__ko.js:195 dropping postMessage.. was from unexpected window
3305449668-mae_html_user_bin_i18n_mae_html_user__ko.js:195 dropping postMessage.. was from unexpected window
3305449668-mae_html_user_bin_i18n_mae_html_user__ko.js:195 dropping postMessage.. was from unexpected window
3305449668-mae_html_user_bin_i18n_mae_html_user__ko.js:195 dropping postMessage.. was from unexpected window
3305449668-mae_html_user_bin_i18n_mae_html_user__ko.js:195 dropping postMessage.. was from unexpected window
3305449668-mae_html_user_bin_i18n_mae_html_user__ko.js:195 dropping postMessage.. was from unexpected window
3305449668-mae_html_user_bin_i18n_mae_html_user__ko.js:195 dropping postMessage.. was from unexpected window
3305449668-mae_html_user_bin_i18n_mae_html_user__ko.js:195 dropping postMessage.. was from unexpected window
3305449668-mae_html_user_bin_i18n_mae_html_user__ko.js:195 dropping postMessage.. was from unexpected window
3305449668-mae_html_user_bin_i18n_mae_html_user__ko.js:195 dropping postMessage.. was from unexpected window
